5726  1451149457.438737 execve("/bin/bash", ["bash", "-c", "echo hello | cat > out"], [/* 23 vars */]) = 0
5726  1451149457.439160 brk(0)          = 0x16d1000
5726  1451149457.439436 access("/etc/ld.so.nohwcap", F_OK) = -1 ENOENT (No such file or directory)
5726  1451149457.439723 mmap(NULL, 8192, PROT_READ|PROT_WRITE, MAP_PRIVATE|MAP_ANONYMOUS, -1, 0) = 0x7f1f9f10c000
5726  1451149457.440002 access("/etc/ld.so.preload", R_OK) = -1 ENOENT (No such file or directory)
5726  1451149457.440277 open("/etc/ld.so.cache", O_RDONLY|O_CLOEXEC) = 3
5726  1451149457.440564 fstat(3, {st_mode=S_IFREG|0644, st_size=30722, ...}) = 0
5726  1451149457.440826 mmap(NULL, 30722, PROT_READ, MAP_PRIVATE, 3, 0) = 0x7f1f9f104000
5726  1451149457.441078 close(3)        = 0
5726  1451149457.441326 access("/etc/ld.so.nohwcap", F_OK) = -1 ENOENT (No such file or directory)
5726  1451149457.441599 open("/lib/x86_64-linux-gnu/libtinfo.so.5", O_RDONLY|O_CLOEXEC) = 3
5726  1451149457.441802 read(3, "\177ELF\2\1\1\0\0\0\0\0\0\0\0\0\3\0>\0\1\0\0\0\320\303\0\0\0\0\0\0"..., 832) = 832
5726  1451149457.442010 fstat(3, {st_mode=S_IFREG|0644, st_size=167096, ...}) = 0
5726  1451149457.442228 mmap(NULL, 2264288, PROT_READ|PROT_EXEC, MAP_PRIVATE|MAP_DENYWRITE, 3, 0) = 0x7f1f9ecc3000
5726  1451149457.442424 mprotect(0x7f1f9ece8000, 2093056, PROT_NONE) = 0
5726  1451149457.442636 mmap(0x7f1f9eee7000, 20480, PROT_READ|PROT_WRITE, MAP_PRIVATE|MAP_FIXED|MAP_DENYWRITE, 3, 0x24000) = 0x7f1f9eee7000
5726  1451149457.442851 close(3)        = 0
5726  1451149457.443049 access("/etc/ld.so.nohwcap", F_OK) = -1 ENOENT (No such file or directory)
5726  1451149457.443254 open("/lib/x86_64-linux-gnu/libdl.so.2", O_RDONLY|O_CLOEXEC) = 3
5726  1451149457.443455 read(3, "\177ELF\2\1\1\0\0\0\0\0\0\0\0\0\3\0>\0\1\0\0\0\320\16\0\0\0\0\0\0"..., 832) = 832
5726  1451149457.443653 fstat(3, {st_mode=S_IFREG|0644, st_size=14664, ...}) = 0
5726  1451149457.443851 mmap(NULL, 2109744, PROT_READ|PROT_EXEC, MAP_PRIVATE|MAP_DENYWRITE, 3, 0) = 0x7f1f9eabf000
5726  1451149457.444046 mprotect(0x7f1f9eac2000, 2093056, PROT_NONE) = 0
5726  1451149457.444242 mmap(0x7f1f9ecc1000, 8192, PROT_READ|PROT_WRITE, MAP_PRIVATE|MAP_FIXED|MAP_DENYWRITE, 3, 0x2000) = 0x7f1f9ecc1000
5726  1451149457.444453 close(3)        = 0
5726  1451149457.444651 access("/etc/ld.so.nohwcap", F_OK) = -1 ENOENT (No such file or directory)
5726  1451149457.444851 open("/lib/x86_64-linux-gnu/libc.so.6", O_RDONLY|O_CLOEXEC) = 3
5726  1451149457.445053 read(3, "\177ELF\2\1\1\0\0\0\0\0\0\0\0\0\3\0>\0\1\0\0\0\320\37\2\0\0\0\0\0"..., 832) = 832
5726  1451149457.445250 fstat(3, {st_mode=S_IFREG|0755, st_size=1840928, ...}) = 0
5726  1451149457.445445 mmap(NULL, 4096, PROT_READ|PROT_WRITE, MAP_PRIVATE|MAP_ANONYMOUS, -1, 0) = 0x7f1f9f103000
5726  1451149457.445646 mmap(NULL, 3949248, PROT_READ|PROT_EXEC, MAP_PRIVATE|MAP_DENYWRITE, 3, 0) = 0x7f1f9e6fa000
5726  1451149457.445858 mprotect(0x7f1f9e8b5000, 2093056, PROT_NONE) = 0
5726  1451149457.446054 mmap(0x7f1f9eab4000, 24576, PROT_READ|PROT_WRITE, MAP_PRIVATE|MAP_FIXED|MAP_DENYWRITE, 3, 0x1ba000) = 0x7f1f9eab4000
5726  1451149457.446262 mmap(0x7f1f9eaba000, 17088, PROT_READ|PROT_WRITE, MAP_PRIVATE|MAP_FIXED|MAP_ANONYMOUS, -1, 0) = 0x7f1f9eaba000
5726  1451149457.446509 close(3)        = 0
5726  1451149457.446724 mmap(NULL, 8192, PROT_READ|PROT_WRITE, MAP_PRIVATE|MAP_ANONYMOUS, -1, 0) = 0x7f1f9f101000
5726  1451149457.446964 arch_prctl(ARCH_SET_FS, 0x7f1f9f101740) = 0
5726  1451149457.447386 mprotect(0x7f1f9eab4000, 16384, PROT_READ) = 0
5726  1451149457.448935 mprotect(0x7f1f9ecc1000, 4096, PROT_READ) = 0
5726  1451149457.449250 mprotect(0x7f1f9eee7000, 16384, PROT_READ) = 0
5726  1451149457.449459 mprotect(0x6ef000, 4096, PROT_READ) = 0
5726  1451149457.449651 mprotect(0x7f1f9f10e000, 4096, PROT_READ) = 0
5726  1451149457.449834 munmap(0x7f1f9f104000, 30722) = 0
5726  1451149457.450082 open("/dev/tty", O_RDWR|O_NONBLOCK) = 3
5726  1451149457.450287 close(3)        = 0
5726  1451149457.450551 brk(0)          = 0x16d1000
5726  1451149457.450736 brk(0x16d2000)  = 0x16d2000
5726  1451149457.450926 open("/usr/lib/locale/locale-archive", O_RDONLY|O_CLOEXEC) = 3
5726  1451149457.451240 fstat(3, {st_mode=S_IFREG|0644, st_size=1607664, ...}) = 0
5726  1451149457.451438 mmap(NULL, 1607664, PROT_READ, MAP_PRIVATE, 3, 0) = 0x7f1f9ef78000
5726  1451149457.451626 close(3)        = 0
5726  1451149457.451809 brk(0x16d3000)  = 0x16d3000
5726  1451149457.451998 brk(0x16d4000)  = 0x16d4000
5726  1451149457.452220 getuid()        = 1000
5726  1451149457.452400 getgid()        = 1000
5726  1451149457.452573 geteuid()       = 1000
5726  1451149457.452747 getegid()       = 1000
5726  1451149457.452929 rt_sigprocmask(SIG_BLOCK, NULL, [], 8) = 0
5726  1451149457.453141 brk(0x16d5000)  = 0x16d5000
5726  1451149457.453341 open("/proc/meminfo", O_RDONLY|O_CLOEXEC) = 3
5726  1451149457.453543 fstat(3, {st_mode=S_IFREG|0444, st_size=0, ...}) = 0
5726  1451149457.453723 mmap(NULL, 4096, PROT_READ|PROT_WRITE, MAP_PRIVATE|MAP_ANONYMOUS, -1, 0) = 0x7f1f9f10b000
5726  1451149457.453901 read(3, "MemTotal:         501732 kB\nMemF"..., 1024) = 1024
5726  1451149457.454126 close(3)        = 0
5726  1451149457.454308 munmap(0x7f1f9f10b000, 4096) = 0
5726  1451149457.454524 brk(0x16d6000)  = 0x16d6000
5726  1451149457.454742 rt_sigaction(SIGCHLD, {SIG_DFL, [], SA_RESTORER|SA_RESTART, 0x7f1f9e730d40}, {SIG_DFL, [], 0}, 8) = 0
5726  1451149457.454941 rt_sigaction(SIGCHLD, {SIG_DFL, [], SA_RESTORER|SA_RESTART, 0x7f1f9e730d40}, {SIG_DFL, [], SA_RESTORER|SA_RESTART, 0x7f1f9e730d40}, 8) = 0
5726  1451149457.455126 rt_sigaction(SIGINT, {SIG_DFL, [], SA_RESTORER, 0x7f1f9e730d40}, {SIG_DFL, [], 0}, 8) = 0
5726  1451149457.455310 rt_sigaction(SIGINT, {SIG_DFL, [], SA_RESTORER, 0x7f1f9e730d40}, {SIG_DFL, [], SA_RESTORER, 0x7f1f9e730d40}, 8) = 0
5726  1451149457.455494 rt_sigaction(SIGQUIT, {SIG_DFL, [], SA_RESTORER, 0x7f1f9e730d40}, {SIG_DFL, [], 0}, 8) = 0
5726  1451149457.455677 rt_sigaction(SIGQUIT, {SIG_DFL, [], SA_RESTORER, 0x7f1f9e730d40}, {SIG_DFL, [], SA_RESTORER, 0x7f1f9e730d40}, 8) = 0
5726  1451149457.455863 rt_sigprocmask(SIG_BLOCK, NULL, [], 8) = 0
5726  1451149457.456042 rt_sigaction(SIGQUIT, {SIG_IGN, [], SA_RESTORER, 0x7f1f9e730d40}, {SIG_DFL, [], SA_RESTORER, 0x7f1f9e730d40}, 8) = 0
5726  1451149457.456232 uname({sys="Linux", node="vagrant-ubuntu-trusty-64", ...}) = 0
5726  1451149457.456432 brk(0x16d7000)  = 0x16d7000
5726  1451149457.456623 brk(0x16d8000)  = 0x16d8000
5726  1451149457.456851 stat("/vagrant", {st_mode=S_IFDIR|0755, st_size=782, ...}) = 0
5726  1451149457.457255 stat(".", {st_mode=S_IFDIR|0755, st_size=782, ...}) = 0
5726  1451149457.457598 getpid()        = 5726
5726  1451149457.457793 open("/usr/lib/x86_64-linux-gnu/gconv/gconv-modules.cache", O_RDONLY) = 3
5726  1451149457.457984 fstat(3, {st_mode=S_IFREG|0644, st_size=26258, ...}) = 0
5726  1451149457.458164 mmap(NULL, 26258, PROT_READ, MAP_SHARED, 3, 0) = 0x7f1f9f105000
5726  1451149457.458343 close(3)        = 0
5726  1451149457.458537 getppid()       = 5721
5726  1451149457.458766 stat(".", {st_mode=S_IFDIR|0755, st_size=782, ...}) = 0
5726  1451149457.459098 brk(0x16d9000)  = 0x16d9000
5726  1451149457.459316 stat("/vagrant/env/bin/bash", 0x7ffe399e04a0) = -1 ENOENT (No such file or directory)
5726  1451149457.459819 stat("/usr/local/sbin/bash", 0x7ffe399e04a0) = -1 ENOENT (No such file or directory)
5726  1451149457.460004 stat("/usr/local/bin/bash", 0x7ffe399e04a0) = -1 ENOENT (No such file or directory)
5726  1451149457.460188 stat("/usr/sbin/bash", 0x7ffe399e04a0) = -1 ENOENT (No such file or directory)
5726  1451149457.460286 stat("/usr/bin/bash", 0x7ffe399e04a0) = -1 ENOENT (No such file or directory)
5726  1451149457.460610 stat("/sbin/bash", 0x7ffe399e04a0) = -1 ENOENT (No such file or directory)
5726  1451149457.460793 stat("/bin/bash", {st_mode=S_IFREG|0755, st_size=1021112, ...}) = 0
5726  1451149457.460983 stat("/bin/bash", {st_mode=S_IFREG|0755, st_size=1021112, ...}) = 0
5726  1451149457.461166 geteuid()       = 1000
5726  1451149457.461337 getegid()       = 1000
5726  1451149457.461506 getuid()        = 1000
5726  1451149457.461676 getgid()        = 1000
5726  1451149457.461900 access("/bin/bash", X_OK) = 0
5726  1451149457.462224 stat("/bin/bash", {st_mode=S_IFREG|0755, st_size=1021112, ...}) = 0
5726  1451149457.462417 geteuid()       = 1000
5726  1451149457.462610 getegid()       = 1000
5726  1451149457.462781 getuid()        = 1000
5726  1451149457.462952 getgid()        = 1000
5726  1451149457.463124 access("/bin/bash", R_OK) = 0
5726  1451149457.463305 stat("/bin/bash", {st_mode=S_IFREG|0755, st_size=1021112, ...}) = 0
5726  1451149457.463490 stat("/bin/bash", {st_mode=S_IFREG|0755, st_size=1021112, ...}) = 0
5726  1451149457.463674 geteuid()       = 1000
5726  1451149457.463845 getegid()       = 1000
5726  1451149457.464014 getuid()        = 1000
5726  1451149457.464184 getgid()        = 1000
5726  1451149457.464354 access("/bin/bash", X_OK) = 0
5726  1451149457.464534 stat("/bin/bash", {st_mode=S_IFREG|0755, st_size=1021112, ...}) = 0
5726  1451149457.464801 geteuid()       = 1000
5726  1451149457.465062 getegid()       = 1000
5726  1451149457.465331 getuid()        = 1000
5726  1451149457.465603 getgid()        = 1000
5726  1451149457.465794 access("/bin/bash", R_OK) = 0
5726  1451149457.466020 brk(0x16da000)  = 0x16da000
5726  1451149457.466209 brk(0x16db000)  = 0x16db000
5726  1451149457.466398 getpgrp()       = 5721
5726  1451149457.466620 rt_sigaction(SIGCHLD, {0x4464c0, [], SA_RESTORER|SA_RESTART, 0x7f1f9e730d40}, {SIG_DFL, [], SA_RESTORER|SA_RESTART, 0x7f1f9e730d40}, 8) = 0
5726  1451149457.466853 getrlimit(RLIMIT_NPROC, {rlim_cur=3842, rlim_max=3842}) = 0
5726  1451149457.467065 brk(0x16dc000)  = 0x16dc000
5726  1451149457.467307 rt_sigprocmask(SIG_BLOCK, NULL, [], 8) = 0
5726  1451149457.467506 rt_sigprocmask(SIG_BLOCK, NULL, [], 8) = 0
5726  1451149457.467724 rt_sigprocmask(SIG_BLOCK, [CHLD], [], 8) = 0
5726  1451149457.467916 pipe([3, 4])    = 0
5726  1451149457.468161 brk(0x16dd000)  = 0x16dd000
5726  1451149457.468431 rt_sigprocmask(SIG_BLOCK, [INT CHLD], [CHLD], 8) = 0
5726  1451149457.468814 clone(child_stack=0, flags=CLONE_CHILD_CLEARTID|CLONE_CHILD_SETTID|SIGCHLD, child_tidptr=0x7f1f9f101a10) = 5727
5726  1451149457.469241 rt_sigprocmask(SIG_SETMASK, [CHLD], NULL, 8) = 0
5726  1451149457.469538 close(4) = 05727  1451149457.469730 rt_sigprocmask(SIG_SETMASK, [], NULL, 8) = 05726  1451149457.470202 close(4) = -1 EBADF (Bad file descriptor)5727  1451149457.470374 rt_sigaction(SIGTSTP, {SIG_DFL, [], SA_RESTORER, 0x7f1f9e730d40}, {SIG_DFL, [], 0}, 8) = 05726  1451149457.470960 rt_sigprocmask(SIG_BLOCK, [INT CHLD], [CHLD], 8) = 05727  1451149457.471113 rt_sigaction(SIGTTIN, {SIG_DFL, [], SA_RESTORER, 0x7f1f9e730d40}, {SIG_DFL, [], 0}, 8) = 05726  1451149457.471619 clone(child_stack=0, flags=CLONE_CHILD_CLEARTID|CLONE_CHILD_SETTID|SIGCHLD, child_tidptr=0x7f1f9f101a10) = 57285727  1451149457.471872 rt_sigaction(SIGTTOU, {SIG_DFL, [], SA_RESTORER, 0x7f1f9e730d40}, {SIG_DFL, [], 0}, 8) = 05728  1451149457.472214 rt_sigprocmask(SIG_SETMASK, [], NULL, 8) = 05727  1451149457.472653 close(3) = 05728  1451149457.472793 rt_sigaction(SIGTSTP, {SIG_DFL, [], SA_RESTORER, 0x7f1f9e730d40}, {SIG_DFL, [], 0}, 8) = 05727  1451149457.473234 dup2(4, 1) = 15728  1451149457.473367 rt_sigaction(SIGTTIN, {SIG_DFL, [], SA_RESTORER, 0x7f1f9e730d40}, {SIG_DFL, [], 0}, 8) = 05727  1451149457.473780 close(4) = 05728  1451149457.473909 rt_sigaction(SIGTTOU, {SIG_DFL, [], SA_RESTORER, 0x7f1f9e730d40}, {SIG_DFL, [], 0}, 8) = 05727  1451149457.474387 rt_sigaction(SIGINT, {SIG_DFL, [], SA_RESTORER, 0x7f1f9e730d40}, {SIG_DFL, [], SA_RESTORER, 0x7f1f9e730d40}, 8) = 05728  1451149457.474686 dup2(3, 0) = 05727  1451149457.475072 rt_sigaction(SIGQUIT, {SIG_DFL, [], SA_RESTORER, 0x7f1f9e730d40}, {SIG_IGN, [], SA_RESTORER, 0x7f1f9e730d40}, 8) = 05728  1451149457.475211 close(3) = 05727  1451149457.475598 rt_sigaction(SIGCHLD, {SIG_DFL, [], SA_RESTORER|SA_RESTART, 0x7f1f9e730d40}, {0x4464c0, [], SA_RESTORER|SA_RESTART, 0x7f1f9e730d40}, 8) = 05728  1451149457.475815 stat(".", {st_mode=S_IFDIR|0755, st_size=782, ...}) = 05727  1451149457.476287 rt_sigprocmask(SIG_BLOCK, [CHLD], [], 8) = 05727  1451149457.476857 rt_sigprocmask(SIG_SETMASK, [], NULL, 8) = 0
5728  1451149457.476432 stat("/vagrant/env/bin/cat", 0x7ffe399e0170) = -1 ENOENT (No such file or directory)5727  1451149457.477293 rt_sigaction(SIGCHLD, {0x4464c0, [], SA_RESTORER|SA_RESTART, 0x7f1f9e730d40}, {SIG_DFL, [], SA_RESTORER|SA_RESTART, 0x7f1f9e730d40}, 8) = 05728  1451149457.477421 stat("/usr/local/sbin/cat", 0x7ffe399e0170) = -1 ENOENT (No such file or directory)5727  1451149457.477791 rt_sigaction(SIGINT, {0x45d1d0, [], SA_RESTORER, 0x7f1f9e730d40}, {SIG_DFL, [], SA_RESTORER, 0x7f1f9e730d40}, 8) = 05728  1451149457.477913 stat("/usr/local/bin/cat", 0x7ffe399e0170) = -1 ENOENT (No such file or directory)5727  1451149457.478310 write(1, "hello\n", 6) = 65728  1451149457.478424 stat("/usr/sbin/cat", 0x7ffe399e0170) = -1 ENOENT (No such file or directory)5727  1451149457.479689 exit_group(0)   = ?
5728  1451149457.479950 stat("/usr/bin/cat", 0x7ffe399e0170) = -1 ENOENT (No such file or directory)
5728  1451149457.480142 stat("/sbin/cat", 0x7ffe399e0170) = -1 ENOENT (No such file or directory)
5728  1451149457.480241 stat("/bin/cat", {st_mode=S_IFREG|0755, st_size=47904, ...}) = 0
5728  1451149457.480574 stat("/bin/cat", {st_mode=S_IFREG|0755, st_size=47904, ...}) = 0
5728  1451149457.480757 geteuid()       = 1000
5728  1451149457.480927 getegid()       = 1000
5728  1451149457.481147 getuid()        = 1000
5728  1451149457.481399 getgid()        = 1000
5728  1451149457.481662 access("/bin/cat", X_OK) = 0
5728  1451149457.481944 stat("/bin/cat", {st_mode=S_IFREG|0755, st_size=47904, ...}) = 0
5728  1451149457.482197 geteuid()       = 1000
5728  1451149457.482369 getegid()       = 1000
5728  1451149457.482579 getuid()        = 1000
5728  1451149457.482749 getgid()        = 1000
5728  1451149457.482919 access("/bin/cat", R_OK) = 0
5728  1451149457.483107 stat("/bin/cat", {st_mode=S_IFREG|0755, st_size=47904, ...}) = 0
5728  1451149457.483291 stat("/bin/cat", {st_mode=S_IFREG|0755, st_size=47904, ...}) = 0
5728  1451149457.483473 geteuid()       = 1000
5728  1451149457.483643 getegid()       = 1000
5728  1451149457.483849 getuid()        = 1000
5728  1451149457.484019 getgid()        = 1000
5728  1451149457.484188 access("/bin/cat", X_OK) = 0
5728  1451149457.484368 stat("/bin/cat", {st_mode=S_IFREG|0755, st_size=47904, ...}) = 0
5728  1451149457.484550 geteuid()       = 1000
5728  1451149457.484720 getegid()       = 1000
5728  1451149457.484889 getuid()        = 1000
5728  1451149457.485058 getgid()        = 1000
5728  1451149457.485227 access("/bin/cat", R_OK) = 0
5728  1451149457.485434 rt_sigaction(SIGINT, {SIG_DFL, [], SA_RESTORER, 0x7f1f9e730d40}, {SIG_DFL, [], SA_RESTORER, 0x7f1f9e730d40}, 8) = 0
5728  1451149457.485673 rt_sigaction(SIGQUIT, {SIG_DFL, [], SA_RESTORER, 0x7f1f9e730d40}, {SIG_IGN, [], SA_RESTORER, 0x7f1f9e730d40}, 8) = 0
5728  1451149457.485902 rt_sigaction(SIGCHLD, {SIG_DFL, [], SA_RESTORER|SA_RESTART, 0x7f1f9e730d40}, {0x4464c0, [], SA_RESTORER|SA_RESTART, 0x7f1f9e730d40}, 8) = 0
5727  1451149457.486336 +++ exited with 0 +++
5726  1451149457.474510 rt_sigprocmask(SIG_SETMASK, [CHLD], NULL, 8) = 05726  1451149457.486796 close(3)        = 0
5726  1451149457.487145 rt_sigprocmask(SIG_BLOCK, [CHLD], [CHLD], 8) = 0
5728  1451149457.486172 open("out", O_WRONLY|O_CREAT|O_TRUNC, 0666) = 35728  1451149457.487669 dup2(3, 1)      = 1
5728  1451149457.487847 close(3)        = 0
5728  1451149457.488027 execve("/bin/cat", ["cat"], [/* 22 vars */]) = 0
5728  1451149457.488425 brk(0)          = 0xab2000
5728  1451149457.488617 access("/etc/ld.so.nohwcap", F_OK) = -1 ENOENT (No such file or directory)
5728  1451149457.488809 mmap(NULL, 8192, PROT_READ|PROT_WRITE, MAP_PRIVATE|MAP_ANONYMOUS, -1, 0) = 0x7fcb10e9b000
5728  1451149457.489000 access("/etc/ld.so.preload", R_OK) = -1 ENOENT (No such file or directory)
5728  1451149457.489204 open("/etc/ld.so.cache", O_RDONLY|O_CLOEXEC) = 3
5728  1451149457.489408 fstat(3, {st_mode=S_IFREG|0644, st_size=30722, ...}) = 0
5728  1451149457.489592 mmap(NULL, 30722, PROT_READ, MAP_PRIVATE, 3, 0) = 0x7fcb10e93000
5728  1451149457.489784 close(3)        = 0
5728  1451149457.489970 access("/etc/ld.so.nohwcap", F_OK) = -1 ENOENT (No such file or directory)
5728  1451149457.490179 open("/lib/x86_64-linux-gnu/libc.so.6", O_RDONLY|O_CLOEXEC) = 3
5728  1451149457.490367 read(3, "\177ELF\2\1\1\0\0\0\0\0\0\0\0\0\3\0>\0\1\0\0\0\320\37\2\0\0\0\0\0"..., 832) = 832
5728  1451149457.490617 fstat(3, {st_mode=S_IFREG|0755, st_size=1840928, ...}) = 0
5728  1451149457.490807 mmap(NULL, 3949248, PROT_READ|PROT_EXEC, MAP_PRIVATE|MAP_DENYWRITE, 3, 0) = 0x7fcb108b6000
5728  1451149457.490994 mprotect(0x7fcb10a71000, 2093056, PROT_NONE) = 0
5728  1451149457.491182 mmap(0x7fcb10c70000, 24576, PROT_READ|PROT_WRITE, MAP_PRIVATE|MAP_FIXED|MAP_DENYWRITE, 3, 0x1ba000) = 0x7fcb10c70000
5728  1451149457.491405 mmap(0x7fcb10c76000, 17088, PROT_READ|PROT_WRITE, MAP_PRIVATE|MAP_FIXED|MAP_ANONYMOUS, -1, 0) = 0x7fcb10c76000
5728  1451149457.491598 close(3)        = 0
5728  1451149457.491793 mmap(NULL, 4096, PROT_READ|PROT_WRITE, MAP_PRIVATE|MAP_ANONYMOUS, -1, 0) = 0x7fcb10e92000
5728  1451149457.491995 mmap(NULL, 8192, PROT_READ|PROT_WRITE, MAP_PRIVATE|MAP_ANONYMOUS, -1, 0) = 0x7fcb10e90000
5728  1451149457.492194 arch_prctl(ARCH_SET_FS, 0x7fcb10e90740) = 0
5728  1451149457.492479 mprotect(0x7fcb10c70000, 16384, PROT_READ) = 0
5728  1451149457.492689 mprotect(0x60a000, 4096, PROT_READ) = 0
5728  1451149457.492875 mprotect(0x7fcb10e9d000, 4096, PROT_READ) = 0
5728  1451149457.493062 munmap(0x7fcb10e93000, 30722) = 0
5728  1451149457.493364 brk(0)          = 0xab2000
5728  1451149457.493561 brk(0xad3000)   = 0xad3000
5728  1451149457.493772 open("/usr/lib/locale/locale-archive", O_RDONLY|O_CLOEXEC) = 3
5728  1451149457.493984 fstat(3, {st_mode=S_IFREG|0644, st_size=1607664, ...}) = 0
5728  1451149457.494171 mmap(NULL, 1607664, PROT_READ, MAP_PRIVATE, 3, 0) = 0x7fcb10d07000
5728  1451149457.494354 close(3)        = 0
5726  1451149457.487434 rt_sigprocmask(SIG_SETMASK, [CHLD], NULL, 8) = 05728  1451149457.494569 fstat(1, {st_mode=S_IFREG|0644, st_size=0, ...}) = 05728  1451149457.494901 fstat(0, {st_mode=S_IFIFO|0600, st_size=0, ...}) = 0
5728  1451149457.495084 fadvise64(0, 0, 0, POSIX_FADV_SEQUENTIAL) = -1 ESPIPE (Illegal seek)
5728  1451149457.495272 read(0, "hello\n", 65536) = 6
5728  1451149457.495460 write(1, "hello\n", 6) = 65728  1451149457.495747 read(0, "", 65536) = 0
5728  1451149457.495923 close(0)        = 0
5726  1451149457.495579 rt_sigprocmask(SIG_BLOCK, [CHLD], [CHLD], 8) = 05728  1451149457.496119 close(1) = 05728  1451149457.496608 close(2)        = 0
5728  1451149457.496840 exit_group(0)   = ?
5728  1451149457.496994 +++ exited with 0 +++
5726  1451149457.497082 rt_sigaction(SIGINT, {0x4438a0, [], SA_RESTORER, 0x7f1f9e730d40}, {SIG_DFL, [], SA_RESTORER, 0x7f1f9e730d40}, 8) = 0
5726  1451149457.497289 wait4(-1, [{WIFEXITED(s) && WEXITSTATUS(s) == 0}], 0, NULL) = 5727
5726  1451149457.497523 wait4(-1, [{WIFEXITED(s) && WEXITSTATUS(s) == 0}], 0, NULL) = 5728
5726  1451149457.497773 rt_sigaction(SIGINT, {SIG_DFL, [], SA_RESTORER, 0x7f1f9e730d40}, {0x4438a0, [], SA_RESTORER, 0x7f1f9e730d40}, 8) = 0
5726  1451149457.497981 rt_sigprocmask(SIG_SETMASK, [CHLD], NULL, 8) = 0
5726  1451149457.498166 close(3)        = -1 EBADF (Bad file descriptor)
5726  1451149457.498344 rt_sigprocmask(SIG_SETMASK, [], NULL, 8) = 0
5726  1451149457.498535 --- SIGCHLD {si_signo=SIGCHLD, si_code=CLD_EXITED, si_pid=5727, si_status=0, si_utime=0, si_stime=0} ---
5726  1451149457.498630 wait4(-1, 0x7ffe399dfed8, WNOHANG, NULL) = -1 ECHILD (No child processes)
5726  1451149457.498807 rt_sigreturn()  = 0
5726  1451149457.499001 rt_sigprocmask(SIG_BLOCK, [CHLD], [], 8) = 0
5726  1451149457.499186 rt_sigprocmask(SIG_SETMASK, [], NULL, 8) = 0
5726  1451149457.499403 exit_group(0)   = ?
5726  1451149457.499583 +++ exited with 0 +++
